// Jest Snapshot v1, https://goo.gl/fbAQLP

exports[`FeedList Should render without crashing 1`] = `
<div>
  <div>
    <div>
      No news shared recently.
    </div>
  </div>
</div>
`;
