// Jest Snapshot v1, https://goo.gl/fbAQLP

exports[`MemberDetails Should render without crashing 1`] = `
<div>
  <div>
    DetailView
  </div>
</div>
`;
