// Jest Snapshot v1, https://goo.gl/fbAQLP

exports[`FeedReader Should render without crashing 1`] = `
<div>
  <div />
</div>
`;
